// Jest Snapshot v1, https://goo.gl/fbAQLP

exports[`Message reducer state matches snapshot 1`] = `"Hello from Jest."`;
