// Jest Snapshot v1, https://goo.gl/fbAQLP

exports[`Hello selector props matches snapshot 1`] = `
Object {
  "message": "Hello from Jest.",
}
`;
