// Jest Snapshot v1, https://goo.gl/fbAQLP

exports[`Root component matches snapshot 1`] = `
<div
  className={undefined}
>
  <div
    className={undefined}
  >
    <div
      className={undefined}
    >
      <h1
        className={undefined}
      >
        Hello from Redux.
      </h1>
    </div>
  </div>
</div>
`;
